ASxxxx Linker V03.00 + NoICE + sdld,  page 1.
Hexadecimal  [32-Bits]

Area                                    Addr        Size        Decimal Bytes (Attributes)
--------------------------------        ----        ----        ------- ----- ------------
.  .ABS.                            00000000    00000000 =           0. bytes (ABS,CON)

      Value  Global                              Global Defined In Module
      -----  --------------------------------   ------------------------
     00000000  .__.ABS.                           
     00000000  l__BSEG                         
     00000000  l__BSS                          
     00000000  l__CABS                         
     00000000  l__DABS                         
     00000000  l__HEADER                       
     00000000  l__HEAP                         
     00000000  l__HOME                         
     00000000  s__CABS                         
     00000000  s__CABS0                        
     00000000  s__CABS1                        
     00000000  s__CABS2                        
     00000000  s__CABS3                        
     00000000  s__CABS4                        
     00000000  s__DABS                         
     00000000  s__HEADER                       
     00000000  s__HEADER0                      
     00000000  s__HEADER1                      
     00000000  s__HEADER2                      
     00000000  s__HEADER3                      
     00000000  s__HEADER4                      
     00000000  s__HEADER5                      
     00000001  l__GSFINAL                      
     00000003  l__HEADER3                      
     00000003  l__HEADER4                      
     00000006  l__BANK10                       
     00000006  l__BANK11                       
     00000006  l__BANK12                       
     00000006  l__BANK13                       
     00000006  l__BANK14                       
     00000006  l__HEADER0                      
     00000009  l__HEADER1                      
     0000000A  l__CABS2                        
     0000000A  l__HEADER2                      
     0000000E  l__CABS1                        
     0000000F  l__GSINIT                       
     00000010  l__CABS0                        
     00000010  l__CABS4                        
     00000033  l__CABS3                        
     0000012A  l__HEADER5                      
     00000200  s__CODE                         
     00000220  l__BANK8                        
     000002A2  l__DATA                         
     00000365  l__BANK15                       
     00000713  l__INITIALIZED                  
     00000713  l__INITIALIZER                  
     000016F8  l__BANK2                        
     0000189D  l__BANK9                        
     000026D4  l__BANK7                        
     0000272C  l__BANK6                        
ASxxxx Linker V03.00 + NoICE + sdld,  page 2.
Hexadecimal  [32-Bits]

Area                                    Addr        Size        Decimal Bytes (Attributes)
--------------------------------        ----        ----        ------- ----- ------------
.  .ABS.                            00000000    00000000 =           0. bytes (ABS,CON)

      Value  Global                              Global Defined In Module
      -----  --------------------------------   ------------------------
     00002EE0  l__BANK4                        
     00002EE0  l__BANK5                        
     000034F4  l__BANK3                        
     00006C59  l__CODE                         
     00006E59  s__HOME                         
     00006E59  s__INITIALIZER                  
     0000756C  s__GSINIT                       
     0000757B  s__GSFINAL                      
     00008000  _SMS_SRAM                          SMSlib_PSGaiden
     00008000  s__BANK10                       
     00008000  s__BANK11                       
     00008000  s__BANK12                       
     00008000  s__BANK13                       
     00008000  s__BANK14                       
     00008000  s__BANK15                       
     00008000  s__BANK2                        
     00008000  s__BANK3                        
     00008000  s__BANK4                        
     00008000  s__BANK5                        
     00008000  s__BANK6                        
     00008000  s__BANK7                        
     00008000  s__BANK8                        
     00008000  s__BANK9                        
     0000C000  s__DATA                         
     0000C2A2  s__INITIALIZED                  
     0000C9B5  s__BSEG                         
     0000C9B5  s__BSS                          
     0000C9B5  s__HEAP                         
     0000FFFC  _SRAM_bank_to_be_mapped_on_slot2   SMSlib_PSGaiden
     0000FFFF  _ROM_bank_to_be_mapped_on_slot2    SMSlib_PSGaiden

ASxxxx Linker V03.00 + NoICE + sdld,  page 3.
Hexadecimal  [32-Bits]

Area                                    Addr        Size        Decimal Bytes (Attributes)
--------------------------------        ----        ----        ------- ----- ------------
_CODE                               00000200    00006C59 =       27737. bytes (REL,CON)

      Value  Global                              Global Defined In Module
      -----  --------------------------------   ------------------------
     00000200  __clock                            crt0
     00000204  _exit                              crt0
     0000020A  _main                              main
     00000279  _PSGStop                           PSGlib
     000002A0  _PSGResume                         PSGlib
     000002EC  _PSGPlay                           PSGlib
     00000319  _PSGCancelLoop                     PSGlib
     0000031F  _PSGPlayNoRepeat                   PSGlib
     0000032E  _PSGGetStatus                      PSGlib
     00000336  _PSGSilenceChannels                PSGlib
     00000347  _PSGRestoreVolumes                 PSGlib
     00000446  _PSGSetMusicVolumeAttenuation      PSGlib
     00000535  _PSGSFXStop                        PSGlib
     000005FF  _PSGSFXPlay                        PSGlib
     0000064C  _PSGSFXCancelLoop                  PSGlib
     00000652  _PSGSFXGetStatus                   PSGlib
     0000065A  _PSGSFXPlayLoop                    PSGlib
     0000067B  _PSGFrame                          PSGlib
     00000794  _PSGSFXFrame                       PSGlib
     0000081A  _board_object_posnX                databank
     00000828  _board_object_posnY                databank
     00000836  _board_object_homeX                databank
     0000083A  _board_object_homeY                databank
     0000083E  _boost_object_speed                databank
     00000846  _boost_object_delay                databank
     0000084E  _enemy_object_directions           databank
     0000086E  _devkit_SMS_init                   _sms_manager
     00000871  _devkit_SMS_displayOn              _sms_manager
     00000877  _devkit_SMS_displayOff             _sms_manager
     0000087D  _devkit_SMS_mapROMBank             _sms_manager
     00000886  _devkit_SMS_enableSRAM             _sms_manager
     0000088C  _devkit_SMS_enableSRAMBank         _sms_manager
     0000089B  _devkit_SMS_disableSRAM            _sms_manager
     000008A1  _devkit_SMS_SRAM                   _sms_manager
     000008A5  _devkit_SMS_setSpriteMode          _sms_manager
     000008B1  _devkit_SMS_useFirstHalfTilesfor   _sms_manager
     000008B6  _devkit_SMS_useFirstHalfTilesfor   _sms_manager
     000008BB  _devkit_SMS_VDPturnOnFeature       _sms_manager
     000008C2  _devkit_SMS_loadPSGaidencompress   _sms_manager
     000008D8  _devkit_SMS_loadSTMcompressedTil   _sms_manager
     000008F9  _devkit_SMS_loadBGPalette          _sms_manager
     00000900  _devkit_SMS_loadSpritePalette      _sms_manager
     00000907  _devkit_SMS_setSpritePaletteColo   _sms_manager
     0000092F  _devkit_SMS_setNextTileatXY        _sms_manager
     00000958  _devkit_SMS_setTile                _sms_manager
     0000095F  _devkit_SMS_setTilePriority        _sms_manager
     00000970  _devkit_SMS_addSprite              _sms_manager
     0000098B  _devkit_SMS_initSprites            _sms_manager
     0000098E  _devkit_SMS_finalizeSprites        _sms_manager
     00000991  _devkit_SMS_waitForVBlank          _sms_manager
ASxxxx Linker V03.00 + NoICE + sdld,  page 4.
Hexadecimal  [32-Bits]

Area                                    Addr        Size        Decimal Bytes (Attributes)
--------------------------------        ----        ----        ------- ----- ------------
_CODE                               00000200    00006C59 =       27737. bytes (REL,CON)

      Value  Global                              Global Defined In Module
      -----  --------------------------------   ------------------------
     00000994  _devkit_SMS_copySpritestoSAT       _sms_manager
     00000997  _devkit_UNSAFE_SMS_copySpritesto   _sms_manager
     0000099A  _devkit_SMS_queryPauseRequested    _sms_manager
     0000099D  _devkit_SMS_resetPauseRequest      _sms_manager
     000009A0  _devkit_isCollisionDetected        _sms_manager
     000009A7  _devkit_SMS_getKeysStatus          _sms_manager
     000009AA  _devkit_SPRITEMODE_NORMAL          _sms_manager
     000009AD  _devkit_VDPFEATURE_HIDEFIRSTCOL    _sms_manager
     000009B1  _devkit_TILE_PRIORITY              _sms_manager
     000009B5  _devkit_TILE_USE_SPRITE_PALETTE    _sms_manager
     00000A04  _devkit_PSGPlay                    _snd_manager
     00000A0E  _devkit_PSGPlayNoRepeat            _snd_manager
     00000A18  _devkit_PSGStop                    _snd_manager
     00000A1B  _devkit_PSGResume                  _snd_manager
     00000A1E  _devkit_PSGGetStatus               _snd_manager
     00000A21  _devkit_PSGSetMusicVolumeAttenua   _snd_manager
     00000A2D  _devkit_PSGSFXPlay                 _snd_manager
     00000A42  _devkit_PSGSFXStop                 _snd_manager
     00000A45  _devkit_PSGSFXGetStatus            _snd_manager
     00000A48  _devkit_PSGSilenceChannels         _snd_manager
     00000A4B  _devkit_PSGRestoreVolumes          _snd_manager
     00000A4E  _devkit_PSGFrame                   _snd_manager
     00000A51  _devkit_PSGSFXFrame                _snd_manager
     00000A54  _devkit_SFX_CHANNEL2               _snd_manager
     00000A57  _devkit_SFX_CHANNEL3               _snd_manager
     00000A5A  _devkit_SFX_CHANNELS2AND3          _snd_manager
     00000A5D  _engine_asm_manager_clear_VRAM     asm_manager
     00000A73  _engine_actor_manager_update       actor_manager
     00000A74  _engine_actor_manager_exec_gamer   actor_manager
     00000A80  _engine_actor_manager_exec_enemy   actor_manager
     00000AAE  _engine_actor_manager_exec_gamer   actor_manager
     00000ABA  _engine_actor_manager_exec_enemy   actor_manager
     00000AE8  _engine_actor_manager_get_data     actor_manager
     00000B6B  _engine_audio_manager_music_play   audio_manager
     00000BAC  _engine_audio_manager_music_play   audio_manager
     00000BE7  _engine_audio_manager_music_resu   audio_manager
     00000BF3  _engine_audio_manager_music_stop   audio_manager
     00000BF6  _engine_audio_manager_sound_play   audio_manager
     00000C41  _engine_audio_manager_sfx_play     audio_manager
     00000C74  _engine_board_manager_init         board_manager
     00000C75  _engine_board_manager_draw_full    board_manager
     00000C7E  _engine_board_manager_draw_exit    board_manager
     00000C8C  _engine_board_manager_main_full    board_manager
     00000C95  _engine_board_manager_main_exit    board_manager
     00000CA3  _engine_board_manager_side_tile    board_manager
     00000CC1  _engine_board_manager_midd_text    board_manager
     00000D2A  _engine_board_manager_debugger     board_manager
     00000F08  _engine_collision_manager_sprite   collision_manager
     00000FB8  _engine_collision_manager_tile_c   collision_manager
     000010C2  _engine_collision_manager_reset_   collision_manager
     00001106  _engine_command_manager_init       command_manager
ASxxxx Linker V03.00 + NoICE + sdld,  page 5.
Hexadecimal  [32-Bits]

Area                                    Addr        Size        Decimal Bytes (Attributes)
--------------------------------        ----        ----        ------- ----- ------------
_CODE                               00000200    00006C59 =       27737. bytes (REL,CON)

      Value  Global                              Global Defined In Module
      -----  --------------------------------   ------------------------
     0000114F  _engine_command_manager_load       command_manager
     00001189  _engine_command_manager_add        command_manager
     000011C8  _engine_command_manager_execute    command_manager
     00001247  _engine_command_manager_undo       command_manager
     000012DB  _engine_command_manager_play       command_manager
     000013E4  _engine_command_manager_demo       command_manager
     00001435  _engine_content_manager_load_til   content_manager
     0000144B  _engine_content_manager_load_til   content_manager
     00001461  _engine_content_manager_load_til   content_manager
     0000147F  _engine_content_manager_load_til   content_manager
     000014AA  _engine_content_manager_load_spr   content_manager
     000014C0  _engine_content_manager_load_spr   content_manager
     000014C1  _engine_cursor_manager_init        cursor_manager
     000014C2  _engine_enemy_manager_init         enemy_manager
     00001647  _engine_enemy_manager_load         enemy_manager
     0000185E  _engine_enemy_manager_dohand       enemy_manager
     000018A9  _engine_enemy_manager_update       enemy_manager
     00001A0D  _engine_enemy_manager_draw         enemy_manager
     00001A56  _engine_enemy_manager_hide         enemy_manager
     00001AAA  _engine_enemy_manager_move         enemy_manager
     00001AD7  _engine_enemy_manager_pace         enemy_manager
     00001B1D  _engine_enemy_manager_stop         enemy_manager
     00001B5C  _engine_enemy_manager_dead         enemy_manager
     00001B90  _engine_enemy_manager_reset_home   enemy_manager
     00001BFE  _engine_enemy_manager_reset_mode   enemy_manager
     00001C2E  _engine_enemy_manager_debug        enemy_manager
     00001C54  _engine_enemy_manager_scatter_di   enemy_manager
     00001D01  _engine_enemy_manager_gohome_dir   enemy_manager
     00001D57  _engine_enemy_manager_attack_dir   enemy_manager
     00001E11  _engine_enemy_manager_attack_dir   enemy_manager
     00001EB5  _engine_enemy_manager_what_direc   enemy_manager
     00001FFB  _engine_enemy_manager_input_boos   enemy_manager
     0000210F  _engine_font_manager_draw_char     font_manager
     0000213B  _engine_font_manager_draw_text     font_manager
     0000218D  _engine_font_manager_draw_data     font_manager
     00002218  _engine_font_manager_draw_data2    font_manager
     0000229B  _engine_function_manager_convert   function_manager
     000022C5  _engine_function_manager_convert   function_manager
     000022FA  _engine_function_manager_convert   function_manager
     0000231F  _engine_function_manager_convert   function_manager
     00002338  _engine_gamer_manager_init         gamer_manager
     0000240C  _engine_gamer_manager_load         gamer_manager
     00002454  _engine_gamer_manager_update       gamer_manager
     0000253A  _engine_gamer_manager_draw         gamer_manager
     00002559  _engine_gamer_manager_hide         gamer_manager
     00002586  _engine_gamer_manager_draw_death   gamer_manager
     000025B4  _engine_gamer_manager_hide_death   gamer_manager
     000025D5  _engine_gamer_manager_move         gamer_manager
     00002601  _engine_gamer_manager_wrap         gamer_manager
     0000263F  _engine_gamer_manager_pace         gamer_manager
     0000267D  _engine_gamer_manager_stop         gamer_manager
ASxxxx Linker V03.00 + NoICE + sdld,  page 6.
Hexadecimal  [32-Bits]

Area                                    Addr        Size        Decimal Bytes (Attributes)
--------------------------------        ----        ----        ------- ----- ------------
_CODE                               00000200    00006C59 =       27737. bytes (REL,CON)

      Value  Global                              Global Defined In Module
      -----  --------------------------------   ------------------------
     000026CB  _engine_gamer_manager_dead         gamer_manager
     000026E2  _engine_gamer_manager_reset        gamer_manager
     0000271E  _engine_gamer_manager_find_direc   gamer_manager
     000027D2  _engine_gamer_manager_input_dire   gamer_manager
     00002817  _engine_gamer_manager_input_boos   gamer_manager
     000028E2  _engine_hack_manager_init          hack_manager
     0000291F  _engine_hack_manager_load          hack_manager
     00002968  _engine_hack_manager_invert        hack_manager
     000029FA  _engine_input_manager_update       input_manager
     00002A07  _engine_input_manager_hold         input_manager
     00002A34  _engine_input_manager_move         input_manager
     00002A3F  _engine_level_manager_load_level   level_manager
     00002ADF  _engine_level_manager_update_lev   level_manager
     00002CB2  _engine_level_manager_draw_level   level_manager
     00002CEC  _engine_level_manager_draw_middl   level_manager
     00002D08  _engine_level_manager_beat_level   level_manager
     00002D29  _engine_level_manager_blank_tile   level_manager
     00002D85  _engine_level_manager_get_collis   level_manager
     00002DC9  _engine_level_manager_get_direct   level_manager
     00002E01  _engine_level_manager_get_tile_t   level_manager
     00002E44  _engine_level_manager_get_next_t   level_manager
     00002EB6  _engine_level_manager_get_next_i   level_manager
     00002F0E  _engine_level_manager_test_direc   level_manager
     00003182  _engine_locale_manager_draw_text   locale_manager
     000031B1  _engine_memo_manager_clear         memo_manager
     000031E5  _engine_memo_manager_draw          memo_manager
     00003208  _engine_memo_manager_pass          memo_manager
     0000321F  _engine_memo_manager_option        memo_manager
     000032A3  _engine_memo_manager_debugging     memo_manager
     000032EF  _engine_move_manager_get_directi   move_manager
     00003381  _engine_move_manager_gothru_exit   move_manager
     000033F7  _engine_move_manager_border_exit   move_manager
     0000343F  _engine_move_manager_inside_exit   move_manager
     00003491  _engine_move_manager_opposite_di   move_manager
     000034C3  _engine_score_manager_text         score_manager
     000034F5  _engine_score_manager_init         score_manager
     00003522  _engine_score_manager_load         score_manager
     00003561  _engine_score_manager_get_candy    score_manager
     00003566  _engine_score_manager_get_value    score_manager
     00003573  _engine_score_manager_finish_bon   score_manager
     0000357E  _engine_score_manager_update_bon   score_manager
     000035B2  _engine_score_manager_update_can   score_manager
     000035C1  _engine_score_manager_update_one   score_manager
     000035CA  _engine_score_manager_update_liv   score_manager
     000035D6  _engine_score_manager_update_boo   score_manager
     000035F5  _engine_score_manager_draw_init    score_manager
     00003612  _engine_score_manager_draw_load    score_manager
     00003623  _engine_score_manager_update_lev   score_manager
     00003652  _engine_score_manager_reset_live   score_manager
     00003664  _engine_score_manager_reset_boos   score_manager
     00003790  _engine_screen_manager_init        screen_manager
ASxxxx Linker V03.00 + NoICE + sdld,  page 7.
Hexadecimal  [32-Bits]

Area                                    Addr        Size        Decimal Bytes (Attributes)
--------------------------------        ----        ----        ------- ----- ------------
_CODE                               00000200    00006C59 =       27737. bytes (REL,CON)

      Value  Global                              Global Defined In Module
      -----  --------------------------------   ------------------------
     000038BE  _engine_screen_manager_update      screen_manager
     00003901  _engine_sprite_manager_draw_enti   sprite_manager
     00003972  _engine_state_manager_init         state_manager
     00003993  _engine_state_manager_read         state_manager
     000039BF  _engine_state_manager_write        state_manager
     000039C0  _engine_storage_manager_availabl   storage_manager
     000039EF  _engine_storage_manager_read       storage_manager
     00003A67  _engine_storage_manager_write      storage_manager
     00003AE0  _engine_storage_manager_erase      storage_manager
     00003B3C  _engine_tile_manager_load_tile     tile_manager
     00003B91  _engine_tile_manager_load_coll     tile_manager
     00003BA8  _engine_tile_manager_draw_tile     tile_manager
     00003C4C  _engine_tile_manager_draw_blank    tile_manager
     00003C7F  _engine_tile_manager_draw_trees    tile_manager
     00003C9C  _engine_tile_manager_draw_candy    tile_manager
     00003CBB  _engine_tile_manager_draw_bonus    tile_manager
     00003CF0  _engine_tile_manager_draw_oneup    tile_manager
     00003D05  _engine_tile_manager_draw_cross    tile_manager
     00003D24  _engine_tile_manager_draw_sides    tile_manager
     00003D39  _engine_tile_manager_main_title    tile_manager
     00003DBE  _engine_tile_manager_main_candy    tile_manager
     00003DDD  _engine_tile_manager_main_gamer    tile_manager
     00003DF2  _engine_tile_manager_funk_trees    tile_manager
     00003F3F  _engine_delay_manager_load         timer_manager
     00003F62  _engine_delay_manager_update       timer_manager
     00003F84  _engine_delay_manager_draw         timer_manager
     00003F92  _engine_frame_manager_load         timer_manager
     00003F99  _engine_frame_manager_update       timer_manager
     00003FB0  _engine_frame_manager_draw         timer_manager
     00003FBE  _engine_reset_manager_load         timer_manager
     00003FCE  _engine_reset_manager_update       timer_manager
     00003FE9  _engine_reset_manager_reset        timer_manager
     00003FEF  _screen_none_screen_load           none_screen
     00003FF0  _screen_none_screen_update         none_screen
     00003FF7  _screen_splash_screen_load         splash_screen
     00004008  _screen_splash_screen_update       splash_screen
     00004028  _screen_intro_screen_load          intro_screen
     00004066  _screen_intro_screen_update        intro_screen
     000041FC  _screen_title_screen_load          title_screen
     00004288  _screen_title_screen_update        title_screen
     000042E8  _screen_demo_screen_load           demo_screen
     00004302  _screen_demo_screen_update         demo_screen
     00004309  _screen_select_screen_load         select_screen
     0000433F  _screen_select_screen_update       select_screen
     000043FE  _screen_option_screen_load         option_screen
     0000441C  _screen_option_screen_update       option_screen
     00004423  _screen_init_screen_load           init_screen
     00004447  _screen_init_screen_update         init_screen
     0000444E  _screen_load_screen_load           load_screen
     000044C6  _screen_load_screen_update         load_screen
     00004696  _screen_ready_screen_load          ready_screen
ASxxxx Linker V03.00 + NoICE + sdld,  page 8.
Hexadecimal  [32-Bits]

Area                                    Addr        Size        Decimal Bytes (Attributes)
--------------------------------        ----        ----        ------- ----- ------------
_CODE                               00000200    00006C59 =       27737. bytes (REL,CON)

      Value  Global                              Global Defined In Module
      -----  --------------------------------   ------------------------
     000046AE  _screen_ready_screen_update        ready_screen
     000046CE  _screen_play_screen_load           play_screen
     00004710  _screen_play_screen_update         play_screen
     000049FC  _screen_pass_screen_load           pass_screen
     00004A4F  _screen_pass_screen_update         pass_screen
     00004B12  _screen_bonus_screen_load          bonus_screen
     00004B13  _screen_bonus_screen_update        bonus_screen
     00004B1A  _screen_replay_screen_load         replay_screen
     00004B48  _screen_replay_screen_update       replay_screen
     00004B4F  _screen_reset_screen_load          reset_screen
     00004B97  _screen_reset_screen_update        reset_screen
     00004D32  _screen_dead_screen_load           dead_screen
     00004D7D  _screen_dead_screen_update         dead_screen
     00004F22  _screen_cont_screen_load           cont_screen
     00004F42  _screen_cont_screen_update         cont_screen
     0000503F  _screen_over_screen_load           over_screen
     0000506B  _screen_over_screen_update         over_screen
     00005099  _screen_beat_screen_load           beat_screen
     000050EC  _screen_beat_screen_update         beat_screen
     0000520E  _screen_boss_screen_load           boss_screen
     0000522A  _screen_boss_screen_update         boss_screen
     00005231  _screen_record_screen_load         record_screen
     00005252  _screen_record_screen_update       record_screen
     00005259  _screen_save_screen_load           save_screen
     00005337  _screen_save_screen_update         save_screen
     000053F6  _screen_test_screen_load           test_screen
     0000545C  _screen_test_screen_update         test_screen
     00005625  _screen_func_screen_load           func_screen
     00005631  _screen_func_screen_update         func_screen
     000056BD  _font_tiles__palette__bin          gfx
     000056CD  _font_tiles__tilemap__bin          gfx
     0000574D  _font_tiles__tiles__psgcompr       gfx
     000059E4  _game_tiles__palette__bin          gfx
     000059F4  _game_tiles__tilemap__bin          gfx
     00005AC4  _game_tiles__tiles__psgcompr       gfx
     00006024  _sprites__palette__bin             gfx
     00006034  _sprites__tiles__psgcompr          gfx
     00006476  _sfx_accept_psg                    psg
     00006496  _sfx_death_psg                     psg
     00006674  _sfx_power_psg                     psg
     00006697  _sfx_reset_psg                     psg
     000066BA  __divuint                          
     000066C2  __divuchar                         
     000066C9  __divu8                            
     000066CC  __divu16                           
     000066FB  _UNSAFE_SMS_copySpritestoSAT       SMSlib_UNSAFE
     00006713  _UNSAFE_SMS_VRAMmemcpy32           SMSlib_UNSAFE
     00006730  _UNSAFE_SMS_VRAMmemcpy64           SMSlib_UNSAFE
     0000674D  _UNSAFE_SMS_VRAMmemcpy128          SMSlib_UNSAFE
     0000676A  _SMS_init                          SMSlib
     000067BE  _VDPReg_init                       SMSlib
ASxxxx Linker V03.00 + NoICE + sdld,  page 9.
Hexadecimal  [32-Bits]

Area                                    Addr        Size        Decimal Bytes (Attributes)
--------------------------------        ----        ----        ------- ----- ------------
_CODE                               00000200    00006C59 =       27737. bytes (REL,CON)

      Value  Global                              Global Defined In Module
      -----  --------------------------------   ------------------------
     000067C9  _SMS_VDPType                       SMSlib
     000067D1  _SMS_VDPturnOnFeature              SMSlib
     000067E8  _SMS_VDPturnOffFeature             SMSlib
     00006801  _SMS_setBGScrollX                  SMSlib
     0000680B  _SMS_setBGScrollY                  SMSlib
     00006815  _SMS_setBackdropColor              SMSlib
     0000681F  _SMS_useFirstHalfTilesforSprites   SMSlib
     00006833  _SMS_setSpriteMode                 SMSlib
     00006878  _SMS_setBGPaletteColor             SMSlib
     0000688C  _SMS_setSpritePaletteColor         SMSlib
     000068A0  _SMS_loadBGPalette                 SMSlib
     000068B4  _SMS_loadSpritePalette             SMSlib
     000068C8  _SMS_setColor                      SMSlib
     000068CC  _SMS_initSprites                   SMSlib
     000068D2  _SMS_addSprite                     SMSlib
     00006927  _SMS_finalizeSprites               SMSlib
     00006939  _SMS_copySpritestoSAT              SMSlib
     00006962  _SMS_waitForVBlank                 SMSlib
     0000696F  _SMS_getKeysStatus                 SMSlib
     00006973  _SMS_getKeysPressed                SMSlib
     00006990  _SMS_getKeysHeld                   SMSlib
     000069A7  _SMS_getKeysReleased               SMSlib
     000069C4  _SMS_queryPauseRequested           SMSlib
     000069CC  _SMS_resetPauseRequest             SMSlib
     000069D2  _SMS_setLineInterruptHandler       SMSlib
     000069E3  _SMS_setLineCounter                SMSlib
     000069F2  _SMS_getVCount                     SMSlib
     000069F6  _SMS_getHCount                     SMSlib
     000069FA  _SMS_isr                           SMSlib
     00006A30  _SMS_nmi_isr                       SMSlib
     00006A43  _rand                              rand
     00006AFF  _srand                             rand
     00006B1D  __moduchar                         
     00006B29  __moduint                          
     00006B34  _SMS_loadSTMcompressedTileMapAre   SMSlib_STMcomp
     00006D15  ___sdcc_call_hl                    
     00006D16  _SMS_loadPSGaidencompressedTiles   SMSlib_PSGaiden
     00006DF8  __modschar                         
     00006E05  __modsint                          
     00006E11  __divsint                          
     00006E1A  __divschar                         
     00006E21  __div8                             
     00006E25  __div_signexte                     
     00006E29  __div16                            
     00006E4F  __get_remainder                    

ASxxxx Linker V03.00 + NoICE + sdld,  page 10.
Hexadecimal  [32-Bits]

Area                                    Addr        Size        Decimal Bytes (Attributes)
--------------------------------        ----        ----        ------- ----- ------------
_HEADER0                            00000000    00000006 =           6. bytes (ABS,CON)

      Value  Global                              Global Defined In Module
      -----  --------------------------------   ------------------------
     00000006  _SMS_crt0_RST08                    crt0

ASxxxx Linker V03.00 + NoICE + sdld,  page 11.
Hexadecimal  [32-Bits]

Area                                    Addr        Size        Decimal Bytes (Attributes)
--------------------------------        ----        ----        ------- ----- ------------
_HEADER1                            00000000    00000009 =           9. bytes (ABS,CON)

      Value  Global                              Global Defined In Module
      -----  --------------------------------   ------------------------
     00000011  _SMS_crt0_RST18                    crt0

ASxxxx Linker V03.00 + NoICE + sdld,  page 12.
Hexadecimal  [32-Bits]

Area                                    Addr        Size        Decimal Bytes (Attributes)
--------------------------------        ----        ----        ------- ----- ------------
_HEADER2                            00000000    0000000A =          10. bytes (ABS,CON)

      Value  Global                              Global Defined In Module
      -----  --------------------------------   ------------------------
ASxxxx Linker V03.00 + NoICE + sdld,  page 13.
Hexadecimal  [32-Bits]

Area                                    Addr        Size        Decimal Bytes (Attributes)
--------------------------------        ----        ----        ------- ----- ------------
_HEADER3                            00000000    00000003 =           3. bytes (ABS,CON)

      Value  Global                              Global Defined In Module
      -----  --------------------------------   ------------------------
ASxxxx Linker V03.00 + NoICE + sdld,  page 14.
Hexadecimal  [32-Bits]

Area                                    Addr        Size        Decimal Bytes (Attributes)
--------------------------------        ----        ----        ------- ----- ------------
_HEADER4                            00000000    00000003 =           3. bytes (ABS,CON)

      Value  Global                              Global Defined In Module
      -----  --------------------------------   ------------------------
ASxxxx Linker V03.00 + NoICE + sdld,  page 15.
Hexadecimal  [32-Bits]

Area                                    Addr        Size        Decimal Bytes (Attributes)
--------------------------------        ----        ----        ------- ----- ------------
_HEADER5                            00000000    0000012A =         298. bytes (ABS,CON)

      Value  Global                              Global Defined In Module
      -----  --------------------------------   ------------------------
     00000099  _OUTI128                           crt0
     00000119  _OUTI64                            crt0
     00000159  _OUTI32                            crt0
     00000199  _outi_block                        crt0

ASxxxx Linker V03.00 + NoICE + sdld,  page 16.
Hexadecimal  [32-Bits]

Area                                    Addr        Size        Decimal Bytes (Attributes)
--------------------------------        ----        ----        ------- ----- ------------
_INITIALIZER                        00006E59    00000713 =        1811. bytes (REL,CON)

      Value  Global                              Global Defined In Module
      -----  --------------------------------   ------------------------
ASxxxx Linker V03.00 + NoICE + sdld,  page 17.
Hexadecimal  [32-Bits]

Area                                    Addr        Size        Decimal Bytes (Attributes)
--------------------------------        ----        ----        ------- ----- ------------
_GSINIT                             0000756C    0000000F =          15. bytes (REL,CON)

      Value  Global                              Global Defined In Module
      -----  --------------------------------   ------------------------
     0000756C  gsinit                             crt0

ASxxxx Linker V03.00 + NoICE + sdld,  page 18.
Hexadecimal  [32-Bits]

Area                                    Addr        Size        Decimal Bytes (Attributes)
--------------------------------        ----        ----        ------- ----- ------------
_GSFINAL                            0000757B    00000001 =           1. bytes (REL,CON)

      Value  Global                              Global Defined In Module
      -----  --------------------------------   ------------------------
ASxxxx Linker V03.00 + NoICE + sdld,  page 19.
Hexadecimal  [32-Bits]

Area                                    Addr        Size        Decimal Bytes (Attributes)
--------------------------------        ----        ----        ------- ----- ------------
_DATA                               0000C000    000002A2 =         674. bytes (REL,CON)

      Value  Global                              Global Defined In Module
      -----  --------------------------------   ------------------------
     0000C001  _PSGMusicStatus                    PSGlib
     0000C002  _PSGMusicStart                     PSGlib
     0000C004  _PSGMusicPointer                   PSGlib
     0000C006  _PSGMusicLoopPoint                 PSGlib
     0000C008  _PSGMusicSkipFrames                PSGlib
     0000C009  _PSGLoopFlag                       PSGlib
     0000C00A  _PSGMusicLastLatch                 PSGlib
     0000C00B  _PSGMusicVolumeAttenuation         PSGlib
     0000C00C  _PSGMusicSubstringLen              PSGlib
     0000C00D  _PSGMusicSubstringRetAddr          PSGlib
     0000C00F  _PSGChan0Volume                    PSGlib
     0000C010  _PSGChan1Volume                    PSGlib
     0000C011  _PSGChan2Volume                    PSGlib
     0000C012  _PSGChan3Volume                    PSGlib
     0000C013  _PSGChan2LowTone                   PSGlib
     0000C014  _PSGChan2HighTone                  PSGlib
     0000C015  _PSGChan3LowTone                   PSGlib
     0000C016  _PSGChannel2SFX                    PSGlib
     0000C017  _PSGChannel3SFX                    PSGlib
     0000C018  _PSGSFXChan2Volume                 PSGlib
     0000C019  _PSGSFXChan3Volume                 PSGlib
     0000C01A  _PSGSFXStatus                      PSGlib
     0000C01B  _PSGSFXStart                       PSGlib
     0000C01D  _PSGSFXPointer                     PSGlib
     0000C01F  _PSGSFXLoopPoint                   PSGlib
     0000C021  _PSGSFXSkipFrames                  PSGlib
     0000C022  _PSGSFXLoopFlag                    PSGlib
     0000C023  _PSGSFXSubstringLen                PSGlib
     0000C024  _PSGSFXSubstringRetAddr            PSGlib
     0000C026  _state_object_mydebugger           databank
     0000C027  _state_object_full_boost           databank
     0000C028  _state_object_invincibie           databank
     0000C029  _state_object_high_score           databank
     0000C02B  _state_object_trees_type           databank
     0000C02C  _state_object_exits_type           databank
     0000C02D  _state_object_difficulty           databank
     0000C02E  _state_object_pace_speed           databank
     0000C02F  _state_object_world_data           databank
     0000C030  _state_object_round_data           databank
     0000C031  _state_object_music_data           databank
     0000C032  _state_object_sound_data           databank
     0000C033  _state_object_actor_kill           databank
     0000C034  _state_object_delay_test           databank
     0000C035  _state_object_prev_screen          databank
     0000C036  _state_object_curr_screen          databank
     0000C037  _state_object_next_screen          databank
     0000C038  _level_object_bonus_count          databank
     0000C039  _level_object_candy_count          databank
     0000C03A  _level_object_multiplier           databank
     0000C081  _global_enemy_objects              enemy_manager
ASxxxx Linker V03.00 + NoICE + sdld,  page 20.
Hexadecimal  [32-Bits]

Area                                    Addr        Size        Decimal Bytes (Attributes)
--------------------------------        ----        ----        ------- ----- ------------
_DATA                               0000C000    000002A2 =         674. bytes (REL,CON)

      Value  Global                              Global Defined In Module
      -----  --------------------------------   ------------------------
     0000C0FC  _global_gamer_object               gamer_manager
     0000C119  _global_score_object               score_manager
     0000C184  _global_savegame_object            storage_manager
     0000C195  _global_delay_object               timer_manager
     0000C199  _global_frame_object               timer_manager
     0000C19B  _global_reset_object               timer_manager
     0000C1B7  _VDPBlank                          SMSlib
     0000C1B8  _SMS_VDPFlags                      SMSlib
     0000C1B9  _PauseRequested                    SMSlib
     0000C1BA  _VDPType                           SMSlib
     0000C1BB  _KeysStatus                        SMSlib
     0000C1BD  _PreviousKeysStatus                SMSlib
     0000C1BF  _SpriteTableY                      SMSlib
     0000C1FF  _SpriteTableXN                     SMSlib
     0000C27F  _SpriteNextFree                    SMSlib
     0000C280  _SMS_theLineInterruptHandler       SMSlib
     0000C282  _decompBuffer                      SMSlib_PSGaiden

ASxxxx Linker V03.00 + NoICE + sdld,  page 21.
Hexadecimal  [32-Bits]

Area                                    Addr        Size        Decimal Bytes (Attributes)
--------------------------------        ----        ----        ------- ----- ------------
_INITIALIZED                        0000C2A2    00000713 =        1811. bytes (REL,CON)

      Value  Global                              Global Defined In Module
      -----  --------------------------------   ------------------------
     0000C2A2  _state_object_enemy_move           databank
     0000C2A5  _sfx_object_data                   databank
     0000C2AD  _command_object_frames             databank
     0000C4AD  _command_object_cmds               databank
     0000C5AD  _command_object_args               databank
     0000C6AD  _level_object_tiles_array          databank
     0000C771  _locale_object_texts               fixedbank
     0000C7A9  _locale_object_menus               fixedbank
     0000C7B5  _locale_object_blank               fixedbank
     0000C7BF  _music_object_data                 fixedbank
     0000C7CD  _sound_object_data                 fixedbank
     0000C7D9  _level_object_AAdata               fixedbank
     0000C8A1  _level_object_BBdata               fixedbank
     0000C986  _cont_walking_cmds1                reset_screen
     0000C989  _cont_walking_cmds2                reset_screen
     0000C98C  _cont_walking_cmds3                reset_screen
     0000C98F  _cont_walking_cmds4                reset_screen
     0000C992  _cont_walking_cmds5                reset_screen
     0000C995  _cont_walking_move                 reset_screen
     0000C99A  _beat_walking_cmds                 beat_screen
     0000C99E  _beat_walking_move                 beat_screen
     0000C9A4  _test_walking_cmds1                test_screen
     0000C9A6  _test_walking_args1                test_screen
     0000C9A8  _test_walking_move                 test_screen
     0000C9AD  _VDPReg                            SMSlib
     0000C9AF  _spritesHeight                     SMSlib
     0000C9B0  _spritesWidth                      SMSlib
ASxxxx Linker V03.00 + NoICE + sdld,  page 22.
Hexadecimal  [32-Bits]

Area                                    Addr        Size        Decimal Bytes (Attributes)
--------------------------------        ----        ----        ------- ----- ------------
_BANK2                              00008000    000016F8 =        5880. bytes (REL,CON)

      Value  Global                              Global Defined In Module
      -----  --------------------------------   ------------------------
     00008000  _main_tiles__palette__bin          bank2
     00008010  _main_tiles__tilemap__bin          bank2
     00008148  _main_tiles__tiles__psgcompr       bank2
     00008A06  _sound_accept_psg                  bank2
     00008A26  _sound_death_psg                   bank2
     00008C04  _sound_gem_psg                     bank2
     00008C20  _sound_level_psg                   bank2
     00008E32  _sound_power_psg                   bank2
     00008E55  _sound_reset_psg                   bank2
     00008E78  _splash__palette__bin              bank2
     00008E88  _splash__tilemap__stmcompr         bank2
     00008ECF  _splash__tiles__psgcompr           bank2
ASxxxx Linker V03.00 + NoICE + sdld,  page 23.
Hexadecimal  [32-Bits]

Area                                    Addr        Size        Decimal Bytes (Attributes)
--------------------------------        ----        ----        ------- ----- ------------
_BANK3                              00008000    000034F4 =       13556. bytes (REL,CON)

      Value  Global                              Global Defined In Module
      -----  --------------------------------   ------------------------
     00008000  _boss32_00__palette__bin           bank3
     00008010  _boss32_00__tiles__psgcompr        bank3
     0000864E  _boss32_01__palette__bin           bank3
     0000865E  _boss32_01__tiles__psgcompr        bank3
     00008D18  _boss32_02__palette__bin           bank3
     00008D28  _boss32_02__tiles__psgcompr        bank3
     00009402  _boss64_00__palette__bin           bank3
     00009412  _boss64_00__tiles__psgcompr        bank3
     00009954  _boss64_01__palette__bin           bank3
     00009964  _boss64_01__tiles__psgcompr        bank3
     00009EFA  _boss64_02__palette__bin           bank3
     00009F0A  _boss64_02__tiles__psgcompr        bank3
     0000A456  _boss64_03__palette__bin           bank3
     0000A466  _boss64_03__tiles__psgcompr        bank3
     0000A9AA  _boss64_04__palette__bin           bank3
     0000A9BA  _boss64_04__tiles__psgcompr        bank3
     0000AF94  _boss64_05__palette__bin           bank3
     0000AFA4  _boss64_05__tiles__psgcompr        bank3
ASxxxx Linker V03.00 + NoICE + sdld,  page 24.
Hexadecimal  [32-Bits]

Area                                    Addr        Size        Decimal Bytes (Attributes)
--------------------------------        ----        ----        ------- ----- ------------
_BANK4                              00008000    00002EE0 =       12000. bytes (REL,CON)

      Value  Global                              Global Defined In Module
      -----  --------------------------------   ------------------------
     00008000  _level0101_txt                     bank4
     00008078  _level0102_txt                     bank4
     000080F0  _level0103_txt                     bank4
     00008168  _level0104_txt                     bank4
     000081E0  _level0105_txt                     bank4
     00008258  _level0106_txt                     bank4
     000082D0  _level0107_txt                     bank4
     00008348  _level0108_txt                     bank4
     000083C0  _level0109_txt                     bank4
     00008438  _level0110_txt                     bank4
     000084B0  _level0201_txt                     bank4
     00008528  _level0202_txt                     bank4
     000085A0  _level0203_txt                     bank4
     00008618  _level0204_txt                     bank4
     00008690  _level0205_txt                     bank4
     00008708  _level0206_txt                     bank4
     00008780  _level0207_txt                     bank4
     000087F8  _level0208_txt                     bank4
     00008870  _level0209_txt                     bank4
     000088E8  _level0210_txt                     bank4
     00008960  _level0301_txt                     bank4
     000089D8  _level0302_txt                     bank4
     00008A50  _level0303_txt                     bank4
     00008AC8  _level0304_txt                     bank4
     00008B40  _level0305_txt                     bank4
     00008BB8  _level0306_txt                     bank4
     00008C30  _level0307_txt                     bank4
     00008CA8  _level0308_txt                     bank4
     00008D20  _level0309_txt                     bank4
     00008D98  _level0310_txt                     bank4
     00008E10  _level0401_txt                     bank4
     00008E88  _level0402_txt                     bank4
     00008F00  _level0403_txt                     bank4
     00008F78  _level0404_txt                     bank4
     00008FF0  _level0405_txt                     bank4
     00009068  _level0406_txt                     bank4
     000090E0  _level0407_txt                     bank4
     00009158  _level0408_txt                     bank4
     000091D0  _level0409_txt                     bank4
     00009248  _level0410_txt                     bank4
     000092C0  _level0501_txt                     bank4
     00009338  _level0502_txt                     bank4
     000093B0  _level0503_txt                     bank4
     00009428  _level0504_txt                     bank4
     000094A0  _level0505_txt                     bank4
     00009518  _level0506_txt                     bank4
     00009590  _level0507_txt                     bank4
     00009608  _level0508_txt                     bank4
     00009680  _level0509_txt                     bank4
     000096F8  _level0510_txt                     bank4
ASxxxx Linker V03.00 + NoICE + sdld,  page 25.
Hexadecimal  [32-Bits]

Area                                    Addr        Size        Decimal Bytes (Attributes)
--------------------------------        ----        ----        ------- ----- ------------
_BANK4                              00008000    00002EE0 =       12000. bytes (REL,CON)

      Value  Global                              Global Defined In Module
      -----  --------------------------------   ------------------------
     00009770  _level0601_txt                     bank4
     000097E8  _level0602_txt                     bank4
     00009860  _level0603_txt                     bank4
     000098D8  _level0604_txt                     bank4
     00009950  _level0605_txt                     bank4
     000099C8  _level0606_txt                     bank4
     00009A40  _level0607_txt                     bank4
     00009AB8  _level0608_txt                     bank4
     00009B30  _level0609_txt                     bank4
     00009BA8  _level0610_txt                     bank4
     00009C20  _level0701_txt                     bank4
     00009C98  _level0702_txt                     bank4
     00009D10  _level0703_txt                     bank4
     00009D88  _level0704_txt                     bank4
     00009E00  _level0705_txt                     bank4
     00009E78  _level0706_txt                     bank4
     00009EF0  _level0707_txt                     bank4
     00009F68  _level0708_txt                     bank4
     00009FE0  _level0709_txt                     bank4
     0000A058  _level0710_txt                     bank4
     0000A0D0  _level0801_txt                     bank4
     0000A148  _level0802_txt                     bank4
     0000A1C0  _level0803_txt                     bank4
     0000A238  _level0804_txt                     bank4
     0000A2B0  _level0805_txt                     bank4
     0000A328  _level0806_txt                     bank4
     0000A3A0  _level0807_txt                     bank4
     0000A418  _level0808_txt                     bank4
     0000A490  _level0809_txt                     bank4
     0000A508  _level0810_txt                     bank4
     0000A580  _level0901_txt                     bank4
     0000A5F8  _level0902_txt                     bank4
     0000A670  _level0903_txt                     bank4
     0000A6E8  _level0904_txt                     bank4
     0000A760  _level0905_txt                     bank4
     0000A7D8  _level0906_txt                     bank4
     0000A850  _level0907_txt                     bank4
     0000A8C8  _level0908_txt                     bank4
     0000A940  _level0909_txt                     bank4
     0000A9B8  _level0910_txt                     bank4
     0000AA30  _level1001_txt                     bank4
     0000AAA8  _level1002_txt                     bank4
     0000AB20  _level1003_txt                     bank4
     0000AB98  _level1004_txt                     bank4
     0000AC10  _level1005_txt                     bank4
     0000AC88  _level1006_txt                     bank4
     0000AD00  _level1007_txt                     bank4
     0000AD78  _level1008_txt                     bank4
     0000ADF0  _level1009_txt                     bank4
     0000AE68  _level1010_txt                     bank4

ASxxxx Linker V03.00 + NoICE + sdld,  page 26.
Hexadecimal  [32-Bits]

Area                                    Addr        Size        Decimal Bytes (Attributes)
--------------------------------        ----        ----        ------- ----- ------------
_BANK5                              00008000    00002EE0 =       12000. bytes (REL,CON)

      Value  Global                              Global Defined In Module
      -----  --------------------------------   ------------------------
     00008000  _level1101_txt                     bank5
     00008078  _level1102_txt                     bank5
     000080F0  _level1103_txt                     bank5
     00008168  _level1104_txt                     bank5
     000081E0  _level1105_txt                     bank5
     00008258  _level1106_txt                     bank5
     000082D0  _level1107_txt                     bank5
     00008348  _level1108_txt                     bank5
     000083C0  _level1109_txt                     bank5
     00008438  _level1110_txt                     bank5
     000084B0  _level1201_txt                     bank5
     00008528  _level1202_txt                     bank5
     000085A0  _level1203_txt                     bank5
     00008618  _level1204_txt                     bank5
     00008690  _level1205_txt                     bank5
     00008708  _level1206_txt                     bank5
     00008780  _level1207_txt                     bank5
     000087F8  _level1208_txt                     bank5
     00008870  _level1209_txt                     bank5
     000088E8  _level1210_txt                     bank5
     00008960  _level1301_txt                     bank5
     000089D8  _level1302_txt                     bank5
     00008A50  _level1303_txt                     bank5
     00008AC8  _level1304_txt                     bank5
     00008B40  _level1305_txt                     bank5
     00008BB8  _level1306_txt                     bank5
     00008C30  _level1307_txt                     bank5
     00008CA8  _level1308_txt                     bank5
     00008D20  _level1309_txt                     bank5
     00008D98  _level1310_txt                     bank5
     00008E10  _level1401_txt                     bank5
     00008E88  _level1402_txt                     bank5
     00008F00  _level1403_txt                     bank5
     00008F78  _level1404_txt                     bank5
     00008FF0  _level1405_txt                     bank5
     00009068  _level1406_txt                     bank5
     000090E0  _level1407_txt                     bank5
     00009158  _level1408_txt                     bank5
     000091D0  _level1409_txt                     bank5
     00009248  _level1410_txt                     bank5
     000092C0  _level1501_txt                     bank5
     00009338  _level1502_txt                     bank5
     000093B0  _level1503_txt                     bank5
     00009428  _level1504_txt                     bank5
     000094A0  _level1505_txt                     bank5
     00009518  _level1506_txt                     bank5
     00009590  _level1507_txt                     bank5
     00009608  _level1508_txt                     bank5
     00009680  _level1509_txt                     bank5
     000096F8  _level1510_txt                     bank5
ASxxxx Linker V03.00 + NoICE + sdld,  page 27.
Hexadecimal  [32-Bits]

Area                                    Addr        Size        Decimal Bytes (Attributes)
--------------------------------        ----        ----        ------- ----- ------------
_BANK5                              00008000    00002EE0 =       12000. bytes (REL,CON)

      Value  Global                              Global Defined In Module
      -----  --------------------------------   ------------------------
     00009770  _level1601_txt                     bank5
     000097E8  _level1602_txt                     bank5
     00009860  _level1603_txt                     bank5
     000098D8  _level1604_txt                     bank5
     00009950  _level1605_txt                     bank5
     000099C8  _level1606_txt                     bank5
     00009A40  _level1607_txt                     bank5
     00009AB8  _level1608_txt                     bank5
     00009B30  _level1609_txt                     bank5
     00009BA8  _level1610_txt                     bank5
     00009C20  _level1701_txt                     bank5
     00009C98  _level1702_txt                     bank5
     00009D10  _level1703_txt                     bank5
     00009D88  _level1704_txt                     bank5
     00009E00  _level1705_txt                     bank5
     00009E78  _level1706_txt                     bank5
     00009EF0  _level1707_txt                     bank5
     00009F68  _level1708_txt                     bank5
     00009FE0  _level1709_txt                     bank5
     0000A058  _level1710_txt                     bank5
     0000A0D0  _level1801_txt                     bank5
     0000A148  _level1802_txt                     bank5
     0000A1C0  _level1803_txt                     bank5
     0000A238  _level1804_txt                     bank5
     0000A2B0  _level1805_txt                     bank5
     0000A328  _level1806_txt                     bank5
     0000A3A0  _level1807_txt                     bank5
     0000A418  _level1808_txt                     bank5
     0000A490  _level1809_txt                     bank5
     0000A508  _level1810_txt                     bank5
     0000A580  _level1901_txt                     bank5
     0000A5F8  _level1902_txt                     bank5
     0000A670  _level1903_txt                     bank5
     0000A6E8  _level1904_txt                     bank5
     0000A760  _level1905_txt                     bank5
     0000A7D8  _level1906_txt                     bank5
     0000A850  _level1907_txt                     bank5
     0000A8C8  _level1908_txt                     bank5
     0000A940  _level1909_txt                     bank5
     0000A9B8  _level1910_txt                     bank5
     0000AA30  _level2001_txt                     bank5
     0000AAA8  _level2002_txt                     bank5
     0000AB20  _level2003_txt                     bank5
     0000AB98  _level2004_txt                     bank5
     0000AC10  _level2005_txt                     bank5
     0000AC88  _level2006_txt                     bank5
     0000AD00  _level2007_txt                     bank5
     0000AD78  _level2008_txt                     bank5
     0000ADF0  _level2009_txt                     bank5
     0000AE68  _level2010_txt                     bank5

ASxxxx Linker V03.00 + NoICE + sdld,  page 28.
Hexadecimal  [32-Bits]

Area                                    Addr        Size        Decimal Bytes (Attributes)
--------------------------------        ----        ----        ------- ----- ------------
_BANK6                              00008000    0000272C =       10028. bytes (REL,CON)

      Value  Global                              Global Defined In Module
      -----  --------------------------------   ------------------------
     00008000  _beats0000_txt                     bank6
     00008078  _music_beat_psg                    bank6
     0000869D  _music_over_psg                    bank6
     00008A0E  _music_title_psg                   bank6

ASxxxx Linker V03.00 + NoICE + sdld,  page 29.
Hexadecimal  [32-Bits]

Area                                    Addr        Size        Decimal Bytes (Attributes)
--------------------------------        ----        ----        ------- ----- ------------
_BANK7                              00008000    000026D4 =        9940. bytes (REL,CON)

      Value  Global                              Global Defined In Module
      -----  --------------------------------   ------------------------
     00008000  _music_game03_psg                  bank7

ASxxxx Linker V03.00 + NoICE + sdld,  page 30.
Hexadecimal  [32-Bits]

Area                                    Addr        Size        Decimal Bytes (Attributes)
--------------------------------        ----        ----        ------- ----- ------------
_BANK8                              00008000    00000220 =         544. bytes (REL,CON)

      Value  Global                              Global Defined In Module
      -----  --------------------------------   ------------------------
     00008000  _music_flicky_psg                  bank8

ASxxxx Linker V03.00 + NoICE + sdld,  page 31.
Hexadecimal  [32-Bits]

Area                                    Addr        Size        Decimal Bytes (Attributes)
--------------------------------        ----        ----        ------- ----- ------------
_BANK9                              00008000    0000189D =        6301. bytes (REL,CON)

      Value  Global                              Global Defined In Module
      -----  --------------------------------   ------------------------
     00008000  _music_beatgame_psg                bank9
     00008625  _music_candykid_psg                bank9

ASxxxx Linker V03.00 + NoICE + sdld,  page 32.
Hexadecimal  [32-Bits]

Area                                    Addr        Size        Decimal Bytes (Attributes)
--------------------------------        ----        ----        ------- ----- ------------
_BANK10                             00008000    00000006 =           6. bytes (REL,CON)

      Value  Global                              Global Defined In Module
      -----  --------------------------------   ------------------------
     00008000  _bank10_txt                        bank10

ASxxxx Linker V03.00 + NoICE + sdld,  page 33.
Hexadecimal  [32-Bits]

Area                                    Addr        Size        Decimal Bytes (Attributes)
--------------------------------        ----        ----        ------- ----- ------------
_BANK11                             00008000    00000006 =           6. bytes (REL,CON)

      Value  Global                              Global Defined In Module
      -----  --------------------------------   ------------------------
     00008000  _bank11_txt                        bank11

ASxxxx Linker V03.00 + NoICE + sdld,  page 34.
Hexadecimal  [32-Bits]

Area                                    Addr        Size        Decimal Bytes (Attributes)
--------------------------------        ----        ----        ------- ----- ------------
_BANK12                             00008000    00000006 =           6. bytes (REL,CON)

      Value  Global                              Global Defined In Module
      -----  --------------------------------   ------------------------
     00008000  _bank12_txt                        bank12

ASxxxx Linker V03.00 + NoICE + sdld,  page 35.
Hexadecimal  [32-Bits]

Area                                    Addr        Size        Decimal Bytes (Attributes)
--------------------------------        ----        ----        ------- ----- ------------
_BANK13                             00008000    00000006 =           6. bytes (REL,CON)

      Value  Global                              Global Defined In Module
      -----  --------------------------------   ------------------------
     00008000  _bank13_txt                        bank13

ASxxxx Linker V03.00 + NoICE + sdld,  page 36.
Hexadecimal  [32-Bits]

Area                                    Addr        Size        Decimal Bytes (Attributes)
--------------------------------        ----        ----        ------- ----- ------------
_BANK14                             00008000    00000006 =           6. bytes (REL,CON)

      Value  Global                              Global Defined In Module
      -----  --------------------------------   ------------------------
     00008000  _bank14_txt                        bank14

ASxxxx Linker V03.00 + NoICE + sdld,  page 37.
Hexadecimal  [32-Bits]

Area                                    Addr        Size        Decimal Bytes (Attributes)
--------------------------------        ----        ----        ------- ----- ------------
_BANK15                             00008000    00000365 =         869. bytes (REL,CON)

      Value  Global                              Global Defined In Module
      -----  --------------------------------   ------------------------
     00008000  _enemy_object_speed                fixedbank
     00008018  _enemy_object_delay                fixedbank
     00008030  _enemy_object_hands                fixedbank
     0000803C  _enemy_object_waits                fixedbank
     00008048  _enemy_object_tours                fixedbank
     00008054  _enemy_object_kills                fixedbank
     00008060  _gamer_object_speed                fixedbank
     00008064  _gamer_object_delay                fixedbank
     00008068  _music_object_bank                 fixedbank
     0000806F  _sound_object_bank                 fixedbank
     00008075  _level_object_AAsize               fixedbank
     000080D9  _level_object_AAbank               fixedbank
     0000813D  _level_object_BBsize               fixedbank
     000081A1  _level_object_BBbank               fixedbank

ASxxxx Linker V03.00 + NoICE + sdld,  page 38.
Hexadecimal  [32-Bits]

Area                                    Addr        Size        Decimal Bytes (Attributes)
--------------------------------        ----        ----        ------- ----- ------------
_CABS0                              00000000    00000010 =          16. bytes (ABS,CON)

      Value  Global                              Global Defined In Module
      -----  --------------------------------   ------------------------
     00007FF0  ___SMS__SEGA_signature             _sms_manager

ASxxxx Linker V03.00 + NoICE + sdld,  page 39.
Hexadecimal  [32-Bits]

Area                                    Addr        Size        Decimal Bytes (Attributes)
--------------------------------        ----        ----        ------- ----- ------------
_CABS1                              00000000    0000000E =          14. bytes (ABS,CON)

      Value  Global                              Global Defined In Module
      -----  --------------------------------   ------------------------
     00007FD2  ___SMS__SDSC_author                _sms_manager

ASxxxx Linker V03.00 + NoICE + sdld,  page 40.
Hexadecimal  [32-Bits]

Area                                    Addr        Size        Decimal Bytes (Attributes)
--------------------------------        ----        ----        ------- ----- ------------
_CABS2                              00000000    0000000A =          10. bytes (ABS,CON)

      Value  Global                              Global Defined In Module
      -----  --------------------------------   ------------------------
     00007FC8  ___SMS__SDSC_name                  _sms_manager

ASxxxx Linker V03.00 + NoICE + sdld,  page 41.
Hexadecimal  [32-Bits]

Area                                    Addr        Size        Decimal Bytes (Attributes)
--------------------------------        ----        ----        ------- ----- ------------
_CABS3                              00000000    00000033 =          51. bytes (ABS,CON)

      Value  Global                              Global Defined In Module
      -----  --------------------------------   ------------------------
     00007F95  ___SMS__SDSC_descr                 _sms_manager

ASxxxx Linker V03.00 + NoICE + sdld,  page 42.
Hexadecimal  [32-Bits]

Area                                    Addr        Size        Decimal Bytes (Attributes)
--------------------------------        ----        ----        ------- ----- ------------
_CABS4                              00000000    00000010 =          16. bytes (ABS,CON)

      Value  Global                              Global Defined In Module
      -----  --------------------------------   ------------------------
     00007FE0  ___SMS__SDSC_signature             _sms_manager

ASxxxx Linker V03.00 + NoICE + sdld,  page 43.

Files Linked                              [ module(s) ]

..\crt0\crt0_sms.rel                      [ crt0 ]
main.rel                                  [ main ]
..\lib\PSGlib.rel                         [ PSGlib ]
banks\bank2.rel                           [ bank2 ]
banks\bank3.rel                           [ bank3 ]
banks\bank4.rel                           [ bank4 ]
banks\bank5.rel                           [ bank5 ]
banks\bank6.rel                           [ bank6 ]
banks\bank7.rel                           [ bank7 ]
banks\bank8.rel                           [ bank8 ]
banks\bank9.rel                           [ bank9 ]
banks\bank10.rel                          [ bank10 ]
banks\bank11.rel                          [ bank11 ]
banks\bank12.rel                          [ bank12 ]
banks\bank13.rel                          [ bank13 ]
banks\bank14.rel                          [ bank14 ]
banks\databank.rel                        [ databank ]
banks\fixedbank.rel                       [ fixedbank ]
devkit\_sms_manager.rel                   [ _sms_manager ]
devkit\_snd_manager.rel                   [ _snd_manager ]
engine\asm_manager.rel                    [ asm_manager ]
engine\actor_manager.rel                  [ actor_manager ]
engine\audio_manager.rel                  [ audio_manager ]
engine\board_manager.rel                  [ board_manager ]
engine\collision_manager.rel              [ collision_manager ]
engine\command_manager.rel                [ command_manager ]
engine\content_manager.rel                [ content_manager ]
engine\cursor_manager.rel                 [ cursor_manager ]
engine\enemy_manager.rel                  [ enemy_manager ]
engine\font_manager.rel                   [ font_manager ]
engine\function_manager.rel               [ function_manager ]
engine\gamer_manager.rel                  [ gamer_manager ]
engine\hack_manager.rel                   [ hack_manager ]
engine\input_manager.rel                  [ input_manager ]
engine\level_manager.rel                  [ level_manager ]
engine\locale_manager.rel                 [ locale_manager ]
engine\memo_manager.rel                   [ memo_manager ]
engine\move_manager.rel                   [ move_manager ]
engine\score_manager.rel                  [ score_manager ]
engine\screen_manager.rel                 [ screen_manager ]
engine\sprite_manager.rel                 [ sprite_manager ]
engine\state_manager.rel                  [ state_manager ]
engine\storage_manager.rel                [ storage_manager ]
engine\tile_manager.rel                   [ tile_manager ]
engine\timer_manager.rel                  [ timer_manager ]
object\score_object.rel                   [ score_object ]
object\storage_object.rel                 [ storage_object ]
object\timer_object.rel                   [ timer_object ]
screen\none_screen.rel                    [ none_screen ]
screen\splash_screen.rel                  [ splash_screen ]
screen\intro_screen.rel                   [ intro_screen ]
screen\title_screen.rel                   [ title_screen ]
screen\demo_screen.rel                    [ demo_screen ]
screen\select_screen.rel                  [ select_screen ]
screen\option_screen.rel                  [ option_screen ]
screen\init_screen.rel                    [ init_screen ]
screen\load_screen.rel                    [ load_screen ]
screen\ready_screen.rel                   [ ready_screen ]
screen\play_screen.rel                    [ play_screen ]
screen\pass_screen.rel                    [ pass_screen ]
screen\bonus_screen.rel                   [ bonus_screen ]
screen\replay_screen.rel                  [ replay_screen ]
screen\reset_screen.rel                   [ reset_screen ]
screen\dead_screen.rel                    [ dead_screen ]
screen\cont_screen.rel                    [ cont_screen ]
screen\over_screen.rel                    [ over_screen ]
screen\beat_screen.rel                    [ beat_screen ]
screen\boss_screen.rel                    [ boss_screen ]
screen\record_screen.rel                  [ record_screen ]
screen\save_screen.rel                    [ save_screen ]
screen\test_screen.rel                    [ test_screen ]
screen\func_screen.rel                    [ func_screen ]
gfx.rel                                   [ gfx ]
psg.rel                                   [ psg ]


Libraries Linked                          [ object file ]

C:\Program Files\SDCC\bin\..\lib\z80/z80.lib
                                          [ divunsigned.rel ]
..\lib\SMSlib.lib                         [ SMSlib_UNSAFE.rel ]
..\lib\SMSlib.lib                         [ SMSlib.rel ]
C:\Program Files\SDCC\bin\..\lib\z80/z80.lib
                                          [ rand.rel ]
C:\Program Files\SDCC\bin\..\lib\z80/z80.lib
                                          [ modunsigned.rel ]
..\lib\SMSlib.lib                         [ SMSlib_STMcomp.rel ]
C:\Program Files\SDCC\bin\..\lib\z80/z80.lib
                                          [ __sdcc_call_hl.rel ]
..\lib\SMSlib.lib                         [ SMSlib_PSGaiden.rel ]
C:\Program Files\SDCC\bin\..\lib\z80/z80.lib
                                          [ modsigned.rel ]
C:\Program Files\SDCC\bin\..\lib\z80/z80.lib
                                          [ divsigned.rel ]

ASxxxx Linker V03.00 + NoICE + sdld,  page 44.

User Base Address Definitions

_CODE = 0x0200
_DATA = 0xc000
_BANK2=0x8000
_BANK3=0x8000
_BANK4=0x8000
_BANK5=0x8000
_BANK6=0x8000
_BANK7=0x8000
_BANK8=0x8000
_BANK9=0x8000
_BANK10=0x8000
_BANK11=0x8000
_BANK12=0x8000
_BANK13=0x8000
_BANK14=0x8000
_BANK15=0x8000

